// Jest Snapshot v1, https://goo.gl/fbAQLP

exports[`Layout component 1`] = `
<div
  id="content"
>
  <Header
    changePage={[Function]}
  />
  <Registration />
  <Footer />
</div>
`;

exports[`Layout should display registration component 1`] = `
<div
  id="content"
>
  <nav
    id="header"
  >
    <div
      className="nav-wrapper"
    >
      <a
        className="brand-logo center"
        href="#"
      >
        Daily-Motivation
      </a>
      <ul
        className="left hide-on-med-and-down"
        id="nav-mobile"
      >
        <li>
          <a
            href="#"
            name="registration"
            onClick={[Function]}
          >
            Registration
          </a>
        </li>
        <li>
          <a
            href="#"
            name="delete-account"
            onClick={[Function]}
          >
            Delete Account
          </a>
        </li>
        <li>
          <a
            href="#"
            name="contact"
            onClick={[Function]}
          >
            Contact
          </a>
        </li>
      </ul>
    </div>
  </nav>
  <div
    className="container"
    id="registration-div"
  >
    <div
      className="row pages-div"
    >
      <div
        className="col m8 offset-m2 center-align"
      >
        <h3
          id="registration-header"
        >
           Sign up to receive free motivational quotes to start your day
        </h3>
        <p>
          
        </p>
        <form
          onSubmit={[Function]}
        >
          <input
            name="userName"
            onChange={[Function]}
            placeholder="First Name"
            required={true}
            type="text"
            value=""
          />
          <input
            name="email"
            onChange={[Function]}
            placeholder="Email Address"
            required={true}
            type="text"
            value=""
          />
          <input
            name="phoneNumber"
            onChange={[Function]}
            placeholder="Phone Number"
            required={true}
            type="text"
            value=""
          />
          <input
            className=""
            type="submit"
          />
        </form>
      </div>
    </div>
  </div>
  <div
    id="footer"
  >
    Â© 2018 Tolu Idowu
  </div>
</div>
`;
